// Jest Snapshot v1, https://goo.gl/fbAQLP

exports[`<Button /> Component renders and matches our snapshot 1`] = `
<button
  className="button"
  disabled={false}
  id="myButton"
  name="myButton"
  onClick={[Function]}
  style={null}
  type="button"
  value=""
>
  myButton
</button>
`;
