// Jest Snapshot v1, https://goo.gl/fbAQLP

exports[`<Container /> Component renders and matches our snapshot 1`] = `null`;
